// Jest Snapshot v1, https://goo.gl/fbAQLP

exports[`FormFeedback should match snapshot 1`] = `
<Fragment>
  <FormFeedbackTooltip
    dataTest="test"
    shown={true}
  >
    err
  </FormFeedbackTooltip>
</Fragment>
`;
